                                           	GITHUB
CS-L2-PC09@DESKTOP-SDAK66H MINGW64 ~
$ cat ~/.config
cat: /c/Users/CS-L2-PC09/.config: No such file or directory

CS-L2-PC09@DESKTOP-SDAK66H MINGW64 ~
$ git config --global user.name "gurunath"

CS-L2-PC09@DESKTOP-SDAK66H MINGW64 ~
$ git config --global user.email "gurunathdeshpande48@gmail.com"

CS-L2-PC09@DESKTOP-SDAK66H MINGW64 ~
$ cat ~/.config
cat: /c/Users/CS-L2-PC09/.config: No such file or directory

CS-L2-PC09@DESKTOP-SDAK66H MINGW64 ~
$ cat ~/.gitconfig
[user]
        name = gurunath
        email = gurunathdeshpande48@gmail.com

CS-L2-PC09@DESKTOP-SDAK66H MINGW64 ~
$ pwd
/c/Users/CS-L2-PC09

CS-L2-PC09@DESKTOP-SDAK66H MINGW64 ~
$ cd pydatabase

CS-L2-PC09@DESKTOP-SDAK66H MINGW64 ~/pydatabase
$ ls
python_database_connection.ipynb

CS-L2-PC09@DESKTOP-SDAK66H MINGW64 ~/pydatabase
$ ls -a
./  ../  python_database_connection.ipynb

CS-L2-PC09@DESKTOP-SDAK66H MINGW64 ~/pydatabase
$ git init
Initialized empty Git repository in C:/Users/CS-L2-PC09/pydatabase/.git/

CS-L2-PC09@DESKTOP-SDAK66H MINGW64 ~/pydatabase (master)
$ ls
python_database_connection.ipynb

CS-L2-PC09@DESKTOP-SDAK66H MINGW64 ~/pydatabase (master)
$ ls -a
./  ../  .git/  python_database_connection.ipynb

CS-L2-PC09@DESKTOP-SDAK66H MINGW64 ~/pydatabase (master)
$ git status
On branch master

No commits yet

Untracked files:
  (use "git add <file>..." to include in what will be committed)
        python_database_connection.ipynb

nothing added to commit but untracked files present (use "git add" to track)

CS-L2-PC09@DESKTOP-SDAK66H MINGW64 ~/pydatabase (master)
$ git add python_database_connection.ipynb
warning: in the working copy of 'python_database_connection.ipynb', LF will be replaced by CRLF the next time Git touches it

CS-L2-PC09@DESKTOP-SDAK66H MINGW64 ~/pydatabase (master)
$ git status
On branch master

No commits yet

Changes to be committed:
  (use "git rm --cached <file>..." to unstage)
        new file:   python_database_connection.ipynb


CS-L2-PC09@DESKTOP-SDAK66H MINGW64 ~/pydatabase (master)
$ git commit -m "This is day1 python code for database"
[master (root-commit) d720514] This is day1 python code for database
 1 file changed, 358 insertions(+)
 create mode 100644 python_database_connection.ipynb

CS-L2-PC09@DESKTOP-SDAK66H MINGW64 ~/pydatabase (master)
$ git status
On branch master
nothing to commit, working tree clean

CS-L2-PC09@DESKTOP-SDAK66H MINGW64 ~/pydatabase (master)
$ ls
python_database_connection.ipynb

CS-L2-PC09@DESKTOP-SDAK66H MINGW64 ~/pydatabase (master)
$ ls -a
./  ../  .git/  python_database_connection.ipynb

CS-L2-PC09@DESKTOP-SDAK66H MINGW64 ~/pydatabase (master)
$ vim readme.txt

CS-L2-PC09@DESKTOP-SDAK66H MINGW64 ~/pydatabase (master)
$ ls -a
./  ../  .git/  python_database_connection.ipynb  readme.txt

CS-L2-PC09@DESKTOP-SDAK66H MINGW64 ~/pydatabase (master)
$ git status
On branch master
Untracked files:
  (use "git add <file>..." to include in what will be committed)
        readme.txt

nothing added to commit but untracked files present (use "git add" to track)

CS-L2-PC09@DESKTOP-SDAK66H MINGW64 ~/pydatabase (master)
$ git add readme.txt
warning: in the working copy of 'readme.txt', LF will be replaced by CRLF the next time Git touches it

CS-L2-PC09@DESKTOP-SDAK66H MINGW64 ~/pydatabase (master)
$ git status
On branch master
Changes to be committed:
  (use "git restore --staged <file>..." to unstage)
        new file:   readme.txt


CS-L2-PC09@DESKTOP-SDAK66H MINGW64 ~/pydatabase (master)
$ git commit -m "This is an readme File"
[master 94be5b9] This is an readme File
 1 file changed, 1 insertion(+)
 create mode 100644 readme.txt

CS-L2-PC09@DESKTOP-SDAK66H MINGW64 ~/pydatabase (master)
$ git status
On branch master
nothing to commit, working tree clean

CS-L2-PC09@DESKTOP-SDAK66H MINGW64 ~/pydatabase (master)
$ git log
commit 94be5b9e14b915e1589cf207aa1609a16f853f22 (HEAD -> master)
Author: gurunath <gurunathdeshpande48@gmail.com>
Date:   Tue Oct 18 11:17:27 2022 +0530

    This is an readme File

commit d7205145b67b110e3d6a2234c6f1c185cc9c49de
Author: gurunath <gurunathdeshpande48@gmail.com>
Date:   Tue Oct 18 11:05:51 2022 +0530

    This is day1 python code for database

CS-L2-PC09@DESKTOP-SDAK66H MINGW64 ~/pydatabase (master)
$ vim 1.txt

CS-L2-PC09@DESKTOP-SDAK66H MINGW64 ~/pydatabase (master)
$ git status
On branch master
Untracked files:
  (use "git add <file>..." to include in what will be committed)
        1.txt

nothing added to commit but untracked files present (use "git add" to track)

CS-L2-PC09@DESKTOP-SDAK66H MINGW64 ~/pydatabase (master)
$ git add 1.txt
warning: in the working copy of '1.txt', LF will be replaced by CRLF the next time Git touches it

CS-L2-PC09@DESKTOP-SDAK66H MINGW64 ~/pydatabase (master)
$ git status
On branch master
Changes to be committed:
  (use "git restore --staged <file>..." to unstage)
        new file:   1.txt


CS-L2-PC09@DESKTOP-SDAK66H MINGW64 ~/pydatabase (master)
$ git restore --staged 1.txt

CS-L2-PC09@DESKTOP-SDAK66H MINGW64 ~/pydatabase (master)
$ git status
On branch master
Untracked files:
  (use "git add <file>..." to include in what will be committed)
        1.txt

nothing added to commit but untracked files present (use "git add" to track)

CS-L2-PC09@DESKTOP-SDAK66H MINGW64 ~/pydatabase (master)
$ git add 1.txt
warning: in the working copy of '1.txt', LF will be replaced by CRLF the next time Git touches it

CS-L2-PC09@DESKTOP-SDAK66H MINGW64 ~/pydatabase (master)
$ git status
On branch master
Changes to be committed:
  (use "git restore --staged <file>..." to unstage)
        new file:   1.txt


CS-L2-PC09@DESKTOP-SDAK66H MINGW64 ~/pydatabase (master)
$ git commit -m "This is 1.txt File."
[master c814352] This is 1.txt File.
 1 file changed, 1 insertion(+)
 create mode 100644 1.txt

CS-L2-PC09@DESKTOP-SDAK66H MINGW64 ~/pydatabase (master)
$ git status
On branch master
nothing to commit, working tree clean

CS-L2-PC09@DESKTOP-SDAK66H MINGW64 ~/pydatabase (master)
$ git log
commit c8143524ecc9ddf8b74cf656fe4107b51a57dd3a (HEAD -> master)
Author: gurunath <gurunathdeshpande48@gmail.com>
Date:   Tue Oct 18 12:20:43 2022 +0530

    This is 1.txt File.

commit 94be5b9e14b915e1589cf207aa1609a16f853f22
Author: gurunath <gurunathdeshpande48@gmail.com>
Date:   Tue Oct 18 11:17:27 2022 +0530

    This is an readme File

commit d7205145b67b110e3d6a2234c6f1c185cc9c49de
Author: gurunath <gurunathdeshpande48@gmail.com>
Date:   Tue Oct 18 11:05:51 2022 +0530

    This is day1 python code for database

CS-L2-PC09@DESKTOP-SDAK66H MINGW64 ~/pydatabase (master)
$ git status
On branch master
Changes not staged for commit:
  (use "git add <file>..." to update what will be committed)
  (use "git restore <file>..." to discard changes in working directory)
        modified:   python_database_connection.ipynb

Untracked files:
  (use "git add <file>..." to include in what will be committed)
        .ipynb_checkpoints/

no changes added to commit (use "git add" and/or "git commit -a")

CS-L2-PC09@DESKTOP-SDAK66H MINGW64 ~/pydatabase (master)
$ git add python_database_connection.ipynb
warning: in the working copy of 'python_database_connection.ipynb', LF will be replaced by CRLF the next time Git touches it

CS-L2-PC09@DESKTOP-SDAK66H MINGW64 ~/pydatabase (master)
$ git status
On branch master
Changes to be committed:
  (use "git restore --staged <file>..." to unstage)
        modified:   python_database_connection.ipynb

Untracked files:
  (use "git add <file>..." to include in what will be committed)
        .ipynb_checkpoints/


CS-L2-PC09@DESKTOP-SDAK66H MINGW64 ~/pydatabase (master)
$ git commit -m "THE FILE IS COMMITTED SUCCESSFULLY"
[master bce2b8a] THE FILE IS COMMITTED SUCCESSFULLY
 1 file changed, 69 insertions(+), 7 deletions(-)

CS-L2-PC09@DESKTOP-SDAK66H MINGW64 ~/pydatabase (master)
$ git status
On branch master
Untracked files:
  (use "git add <file>..." to include in what will be committed)
        .ipynb_checkpoints/

nothing added to commit but untracked files present (use "git add" to track)

CS-L2-PC09@DESKTOP-SDAK66H MINGW64 ~/pydatabase (master)
$ git log
commit bce2b8a229cb65f8ca4e0111e1e4586210860b02 (HEAD -> master)
Author: gurunath <gurunathdeshpande48@gmail.com>
Date:   Tue Oct 18 12:35:24 2022 +0530

    THE FILE IS COMMITTED SUCCESSFULLY

commit c8143524ecc9ddf8b74cf656fe4107b51a57dd3a
Author: gurunath <gurunathdeshpande48@gmail.com>
Date:   Tue Oct 18 12:20:43 2022 +0530

    This is 1.txt File.

commit 94be5b9e14b915e1589cf207aa1609a16f853f22
Author: gurunath <gurunathdeshpande48@gmail.com>
Date:   Tue Oct 18 11:17:27 2022 +0530

    This is an readme File

                                        PUSH THE FILES INTO GITHUB

CS-L2-PC09@DESKTOP-SDAK66H MINGW64 ~
$ cd pydatabase

CS-L2-PC09@DESKTOP-SDAK66H MINGW64 ~/pydatabase (main)
$ ssh-keygen -o
Generating public/private rsa key pair.
Enter file in which to save the key (/c/Users/CS-L2-PC09/.ssh/id_rsa):
/c/Users/CS-L2-PC09/.ssh/id_rsa already exists.
Overwrite (y/n)?

CS-L2-PC09@DESKTOP-SDAK66H MINGW64 ~/pydatabase (main)
$ ssh-keygen -o
Generating public/private rsa key pair.
Enter file in which to save the key (/c/Users/CS-L2-PC09/.ssh/id_rsa):
/c/Users/CS-L2-PC09/.ssh/id_rsa already exists.
Overwrite (y/n)? y
Enter passphrase (empty for no passphrase):
Enter same passphrase again:
Your identification has been saved in /c/Users/CS-L2-PC09/.ssh/id_rsa
Your public key has been saved in /c/Users/CS-L2-PC09/.ssh/id_rsa.pub
The key fingerprint is:
SHA256:YuwSAdeAfU1PG+qKPbPuivxl/DhnnsZdmlf8EMdCcg8 CS-L2-PC09@DESKTOP-SDAK66H
The key's randomart image is:
+---[RSA 3072]----+
|  .ooo o. o      |
|  .o. o .+ o. E  |
|    ..  . o  + + |
|     o .      o +|
|    . + S    . + |
|     B o    . +  |
|    o X. . + . o |
| . . +.*=.+ .   .|
|  o.o+=*+  .     |
+----[SHA256]-----+

CS-L2-PC09@DESKTOP-SDAK66H MINGW64 ~/pydatabase (main)
$ cat ~/.ssh/id_rsa.pub
ssh-rsa AAAAB3NzaC1yc2EAAAADAQABAAABgQCqKh9SXa4woqNecugb1Mq5frptpGwB5YcQ38/ylOSTtCw1yhst2mS/U6nSVOWsqx8o7lYDDdglPh7AhoXT9hqiu9NTm6Pz+lYudxtYUbeYcFsh5tgoCiIQu0nZd9ylKBIFA6Mh5ttB8l322EiANpx/OZcLC6CH37D1NV3c/9XlP3PdKW5x+a6hSkY0dHfIyHJ2KW72Zb+XKAd4DIBI12AN/qqxsCcyYYwC3byqgtIDkVyJ/WOZERVzRui9pJ+drQVXkos+KvQyDkHt8hgqrnMwDY1Z/ds1JImghlnKsdSF4DXm6FKQox6m8nemZA0ALgF7x5YXMPksXW9j8BQtdLEvHF87V2d/sFZRi22XYEH4Kit1xpP71r9mEEPywh/J+AZtXgUIbayqX5IElkqhSjBeBFAhyfQR5JcGlgcNfN+IWaGFip4kZEiuRRFDFJT1GHHZ2iCRwHmf3jCZkFlFAWNSCrMYbhNob0binNe382lVTmacxXB5UrfgJEqIRkUY2ck= CS-L2-PC09@DESKTOP-SDAK66H

CS-L2-PC09@DESKTOP-SDAK66H MINGW64 ~/pydatabase (main)
$ git remote add origin git@github.com:gurunathdeshpande/pydatabase.git
error: remote origin already exists.

CS-L2-PC09@DESKTOP-SDAK66H MINGW64 ~/pydatabase (main)
$ git branch -M main

CS-L2-PC09@DESKTOP-SDAK66H MINGW64 ~/pydatabase (main)
$ git push -u origin main
Enumerating objects: 12, done.
Counting objects: 100% (12/12), done.
Delta compression using up to 12 threads
Compressing objects: 100% (10/10), done.
Writing objects: 100% (12/12), 2.78 KiB | 2.78 MiB/s, done.
Total 12 (delta 2), reused 0 (delta 0), pack-reused 0
remote: Resolving deltas: 100% (2/2), done.
To github.com:gurunathdeshpande/pydatabase.git
 * [new branch]      main -> main
branch 'main' set up to track 'origin/main'.

CS-L2-PC09@DESKTOP-SDAK66H MINGW64 ~/pydatabase (main)
$

